
[Token Info] 2026-01-31T18:17:01.616Z
{
  "azp": "154774370631-kubourbt2p1kst14apdct2d64mn3852k.apps.googleusercontent.com",
  "aud": "154774370631-kubourbt2p1kst14apdct2d64mn3852k.apps.googleusercontent.com",
  "sub": "101558498616579781975",
  "scope": "https://www.googleapis.com/auth/photoslibrary.appendonly https://www.googleapis.com/auth/userinfo.email https://www.googleapis.com/auth/userinfo.profile openid",
  "exp": "1769887022",
  "expires_in": "3599",
  "email": "raeniechang@gmail.com",
  "email_verified": "true",
  "access_type": "offline"
}


[Token Info] 2026-01-31T18:17:02.825Z
{
  "azp": "154774370631-kubourbt2p1kst14apdct2d64mn3852k.apps.googleusercontent.com",
  "aud": "154774370631-kubourbt2p1kst14apdct2d64mn3852k.apps.googleusercontent.com",
  "sub": "101558498616579781975",
  "scope": "https://www.googleapis.com/auth/photoslibrary.appendonly https://www.googleapis.com/auth/userinfo.email https://www.googleapis.com/auth/userinfo.profile openid",
  "exp": "1769887024",
  "expires_in": "3599",
  "email": "raeniechang@gmail.com",
  "email_verified": "true",
  "access_type": "offline"
}


[Token Info] 2026-01-31T18:17:04.260Z
{
  "azp": "154774370631-kubourbt2p1kst14apdct2d64mn3852k.apps.googleusercontent.com",
  "aud": "154774370631-kubourbt2p1kst14apdct2d64mn3852k.apps.googleusercontent.com",
  "sub": "101558498616579781975",
  "scope": "https://www.googleapis.com/auth/photoslibrary.appendonly https://www.googleapis.com/auth/userinfo.email https://www.googleapis.com/auth/userinfo.profile openid",
  "exp": "1769887025",
  "expires_in": "3599",
  "email": "raeniechang@gmail.com",
  "email_verified": "true",
  "access_type": "offline"
}


[Token Info] 2026-01-31T18:17:14.635Z
{
  "azp": "154774370631-kubourbt2p1kst14apdct2d64mn3852k.apps.googleusercontent.com",
  "aud": "154774370631-kubourbt2p1kst14apdct2d64mn3852k.apps.googleusercontent.com",
  "sub": "101558498616579781975",
  "scope": "https://www.googleapis.com/auth/photoslibrary.appendonly https://www.googleapis.com/auth/userinfo.email https://www.googleapis.com/auth/userinfo.profile openid",
  "exp": "1769887035",
  "expires_in": "3599",
  "email": "raeniechang@gmail.com",
  "email_verified": "true",
  "access_type": "offline"
}


[Token Info] 2026-01-31T18:17:16.534Z
{
  "azp": "154774370631-kubourbt2p1kst14apdct2d64mn3852k.apps.googleusercontent.com",
  "aud": "154774370631-kubourbt2p1kst14apdct2d64mn3852k.apps.googleusercontent.com",
  "sub": "101558498616579781975",
  "scope": "https://www.googleapis.com/auth/photoslibrary.appendonly https://www.googleapis.com/auth/userinfo.email https://www.googleapis.com/auth/userinfo.profile openid",
  "exp": "1769887037",
  "expires_in": "3599",
  "email": "raeniechang@gmail.com",
  "email_verified": "true",
  "access_type": "offline"
}

